log info
log info
log info
log info
log info
log info
log info
log info
log info
log info
log info
log info
log info
log info
log info
log info
